Component: ARM Compiler 5.06 update 6 (build 750) Tool: armlink [4d35ed]

==============================================================================

Section Cross References

    app.o(.text) refers to app.o(.bss) for App
    app.o(.text) refers to system.o(.data) for AppDataPointer
    app.o(.text) refers to logic.o(.text) for LogicTask
    app.o(.text) refers to menu.o(.text) for MenuTask
    logic.o(.text) refers to printfa.o(i.__0printf) for __2printf
    logic.o(.text) refers to app.o(.bss) for App
    logic.o(.text) refers to system.o(.data) for System
    logic.o(.text) refers to logic.o(.data) for Counter
    logic.o(.text) refers to pid.o(.bss) for Pid
    menu.o(.text) refers to system.o(.data) for System
    menu.o(.text) refers to app.o(.bss) for App
    menu.o(.text) refers to menu.o(.conststring) for .conststring
    menu.o(.text) refers to menu.o(.bss) for PwmCycleTextBox
    menu.o(.text) refers to logic.o(.text) for TextBoxKeyTest
    menu.o(.text) refers to menu.o(.data) for MenuSystick
    system.o(.text) refers to printfa.o(i.__0printf) for __2printf
    system.o(.text) refers to gui.o(.text) for InitGui
    system.o(.text) refers to os.o(.text) for InitOs
    system.o(.text) refers to device.o(.text) for InitDevice
    system.o(.text) refers to modbus.o(.text) for InitModbus
    system.o(.text) refers to pid.o(.text) for InitPid
    system.o(.text) refers to system.o(.constdata) for HextoAscii
    system.o(.text) refers to system.o(.data) for System
    system.o(.data) refers to system.o(.text) for Init
    os.o(.emb_text) refers to os.o(.data) for CurrentTaskPointer
    os.o(.text) refers to os.o(.emb_text) for InitPsp
    os.o(.text) refers to os.o(.bss) for LogicTaskStack
    os.o(.text) refers to os.o(.data) for CurrentTaskPointer
    os.o(.text) refers to system.o(.data) for System
    gui.o(.text) refers to ffltui.o(.text) for __aeabi_ui2f
    gui.o(.text) refers to fadd.o(.text) for __aeabi_fadd
    gui.o(.text) refers to fmul.o(.text) for __aeabi_fmul
    gui.o(.text) refers to ffixi.o(.text) for __aeabi_f2iz
    gui.o(.text) refers to printfa.o(i.__0sprintf) for __2sprintf
    gui.o(.text) refers to fflti.o(.text) for __aeabi_i2f
    gui.o(.text) refers to f2d.o(.text) for __aeabi_f2d
    gui.o(.text) refers to dflti.o(.text) for __aeabi_i2d
    gui.o(.text) refers to dadd.o(.text) for __aeabi_dadd
    gui.o(.text) refers to dmul.o(.text) for __aeabi_dmul
    gui.o(.text) refers to dfixi.o(.text) for __aeabi_d2iz
    gui.o(.text) refers to dfltui.o(.text) for __aeabi_ui2d
    gui.o(.text) refers to dfixui.o(.text) for __aeabi_d2uiz
    gui.o(.text) refers to system.o(.text) for HexToAscii
    gui.o(.text) refers to ffixui.o(.text) for __aeabi_f2uiz
    gui.o(.text) refers to strlen.o(.text) for strlen
    gui.o(.text) refers to memseta.o(.text) for __aeabi_memset
    gui.o(.text) refers to memcpya.o(.text) for __aeabi_memcpy
    gui.o(.text) refers to gui.o(.bss) for GuiLcd
    gui.o(.text) refers to gui.o(.data) for FocusFormPointer
    gui.o(.text) refers to printfa.o(i.__0printf) for __2printf
    gui.o(.text) refers to printfa.o(i.__0vsprintf) for __c89vsprintf
    gui.o(.text) refers to system.o(.data) for System
    gui.o(.text) refers to cfrcmple.o(.text) for __aeabi_cfrcmple
    gui.o(.text) refers to cfcmple.o(.text) for __aeabi_cfcmple
    pid.o(.text) refers to printfa.o(i.__0printf) for __2printf
    pid.o(.text) refers to fflti.o(.text) for __aeabi_i2f
    pid.o(.text) refers to fadd.o(.text) for __aeabi_fsub
    pid.o(.text) refers to ffixi.o(.text) for __aeabi_f2iz
    pid.o(.text) refers to cfcmple.o(.text) for __aeabi_cfcmple
    pid.o(.text) refers to cfrcmple.o(.text) for __aeabi_cfrcmple
    pid.o(.text) refers to fmul.o(.text) for __aeabi_fmul
    pid.o(.text) refers to pid.o(.bss) for Pid
    pid.o(.text) refers to system.o(.data) for AppDataPointer
    modbus.o(.text) refers to modbus_slave.o(.text) for InitSlaveModbus
    modbus.o(.text) refers to modbus.o(.constdata) for CrcHighBlock
    modbus_slave.o(.text) refers to modbus.o(.text) for Crc16
    modbus_slave.o(.text) refers to system.o(.data) for System
    modbus_slave.o(.text) refers to modbus_slave.o(.bss) for RxdBuffer
    modbus_slave.o(.text) refers to modbus_slave.o(.data) for DoBlock
    device.o(.text) refers to device_usart1.o(.text) for InitUsart1
    device.o(.text) refers to device_usart2.o(.text) for InitUsart2
    device.o(.text) refers to device_adc.o(.text) for InitAdc
    device.o(.text) refers to device_di.o(.text) for InitDI
    device.o(.text) refers to device_do.o(.text) for InitDO
    device.o(.text) refers to device_key.o(.text) for InitKey
    device.o(.text) refers to device_lcd.o(.text) for InitLcd
    device.o(.text) refers to device_timer.o(.text) for InitTimer
    device.o(.text) refers to device_storage.o(.text) for InitStorage
    device.o(.text) refers to device_misc.o(.text) for InitMisc
    device.o(.text) refers to device_systick.o(.text) for InitSystick
[...]
    __lit__00000000                          0x080000fc   Data           4  entry2.o(.ARM.Collect$$$$00002712)
    .emb_text                                0x08000100   Section       58  os.o(.emb_text)
    .text                                    0x0800013c   Section        0  app.o(.text)
    InitData                                 0x0800013d   Thumb Code   184  app.o(.text)
    .text                                    0x08000244   Section        0  logic.o(.text)
    FormFocusProcess                         0x08000245   Thumb Code    38  logic.o(.text)
    StopDefaultProcess                       0x080002a9   Thumb Code    22  logic.o(.text)
    TextBoxKeyProcess                        0x080002bf   Thumb Code    22  logic.o(.text)
    AppSystick100                            0x08000423   Thumb Code    10  logic.o(.text)
    InitLogic                                0x0800042d   Thumb Code    50  logic.o(.text)
    .text                                    0x080004e8   Section        0  menu.o(.text)
    InitLogoForm                             0x080004e9   Thumb Code    24  menu.o(.text)
    .text                                    0x08000634   Section        0  system.o(.text)
    Init                                     0x080006a7   Thumb Code    46  system.o(.text)
    .text                                    0x080006fc   Section        0  os.o(.text)
    InitStack                                0x080006fd   Thumb Code   154  os.o(.text)
    InitTask                                 0x08000797   Thumb Code    10  os.o(.text)
    CreateLogicTask                          0x080007a1   Thumb Code    24  os.o(.text)
    CreateMenuTask                           0x080007b9   Thumb Code    24  os.o(.text)
    Schedule                                 0x080007d1   Thumb Code    22  os.o(.text)
    SystickRoutine                           0x080007e7   Thumb Code    32  os.o(.text)
    Start                                    0x08000807   Thumb Code    38  os.o(.text)
    PostMessageQueue                         0x0800082d   Thumb Code   158  os.o(.text)
    PendMessageQueue                         0x080008cb   Thumb Code   164  os.o(.text)
    DelayMs                                  0x0800096f   Thumb Code    20  os.o(.text)
    .text                                    0x08000a0c   Section        0  gui.o(.text)
    LabelToGuiLcd                            0x08000a0d   Thumb Code  1034  gui.o(.text)
    ParseBackText                            0x08000e17   Thumb Code    58  gui.o(.text)
    ParseChart                               0x08000e51   Thumb Code    92  gui.o(.text)
    ParseLabel                               0x08000ead   Thumb Code    24  gui.o(.text)
    ParseTextBox                             0x08000ec5   Thumb Code    68  gui.o(.text)
    ParseMessage                             0x08000f09   Thumb Code    42  gui.o(.text)
    Update                                   0x08000f33   Thumb Code    84  gui.o(.text)
    Parse                                    0x08000f87   Thumb Code    34  gui.o(.text)
    InitForm                                 0x08000fa9   Thumb Code    14  gui.o(.text)
    AddLabel                                 0x08000fb7   Thumb Code    30  gui.o(.text)
    AddTextBox                               0x08000fd5   Thumb Code    62  gui.o(.text)
    AddMessage                               0x08001013   Thumb Code   100  gui.o(.text)
    DeleteMessage                            0x08001077   Thumb Code    14  gui.o(.text)
    SwitchTextBoxFocus                       0x08001085   Thumb Code    40  gui.o(.text)
    ModifyTextBoxData                        0x080010ad   Thumb Code   570  gui.o(.text)
    .text                                    0x08001360   Section        0  pid.o(.text)
    .text                                    0x0800150c   Section        0  modbus.o(.text)
    .text                                    0x08001554   Section        0  modbus_slave.o(.text)
    Response                                 0x08001555   Thumb Code    46  modbus_slave.o(.text)
    ReadDo                                   0x08001583   Thumb Code   164  modbus_slave.o(.text)
    ReadDi                                   0x08001627   Thumb Code   158  modbus_slave.o(.text)
    ReadAdc                                  0x080016c5   Thumb Code   116  modbus_slave.o(.text)
    ReadReg                                  0x08001739   Thumb Code   116  modbus_slave.o(.text)
    WriteOneDo                               0x080017ad   Thumb Code    74  modbus_slave.o(.text)
    WriteDo                                  0x080017f7   Thumb Code    92  modbus_slave.o(.text)
    WriteOneReg                              0x08001853   Thumb Code    50  modbus_slave.o(.text)
    WriteReg                                 0x08001885   Thumb Code    96  modbus_slave.o(.text)
    Reset                                    0x080018e5   Thumb Code    16  modbus_slave.o(.text)
    Receive                                  0x080018f5   Thumb Code    44  modbus_slave.o(.text)
    ParseRxdFrame                            0x08001921   Thumb Code   280  modbus_slave.o(.text)
    SystickRoutine                           0x08001a39   Thumb Code    40  modbus_slave.o(.text)
    .text                                    0x08001a94   Section        0  device.o(.text)
    NVIC_SetPriority                         0x08001a95   Thumb Code    32  device.o(.text)
    .text                                    0x08001b08   Section        0  device_adc.o(.text)
    InitRegisterBlock                        0x08001b09   Thumb Code    20  device_adc.o(.text)
    Register                                 0x08001b1d   Thumb Code     8  device_adc.o(.text)
    PortRegister                             0x08001b25   Thumb Code    42  device_adc.o(.text)
    .text                                    0x08001da0   Section        0  device_di.o(.text)
    .text                                    0x08001e44   Section        0  device_do.o(.text)
    Config                                   0x08001e45   Thumb Code    92  device_do.o(.text)
    Open                                     0x08001f0f   Thumb Code    86  device_do.o(.text)
    Close                                    0x08001f65   Thumb Code    86  device_do.o(.text)
    SetDutyRatio                             0x08001fbb   Thumb Code    78  device_do.o(.text)
    SetParameter                             0x08002009   Thumb Code   394  device_do.o(.text)
    .text                                    0x0800221c   Section        0  device_key.o(.text)
    RemapKey                                 0x0800221d   Thumb Code    76  device_key.o(.text)
    RemapLongKey                             0x08002269   Thumb Code    76  device_key.o(.text)
    EnableKey                                0x080022b5   Thumb Code     6  device_key.o(.text)
    .text                                    0x08002550   Section        0  device_lcd.o(.text)
    SendInstruct                             0x08002551   Thumb Code   120  device_lcd.o(.text)
    SendData                                 0x080025c9   Thumb Code   120  device_lcd.o(.text)
    LcdDisplayString                         0x08002641   Thumb Code    36  device_lcd.o(.text)
    .text                                    0x080026f4   Section        0  device_rtc.o(.text)
    .text                                    0x080027a8   Section        0  device_timer.o(.text)
    Start                                    0x08002817   Thumb Code    62  device_timer.o(.text)
    Stop                                     0x08002855   Thumb Code    16  device_timer.o(.text)
    .text                                    0x0800288c   Section        0  device_storage.o(.text)
    Open                                     0x0800288d   Thumb Code    14  device_storage.o(.text)
    Close                                    0x0800289b   Thumb Code     8  device_storage.o(.text)
    ReadAllParameter                         0x080028a3   Thumb Code   304  device_storage.o(.text)
    WriteParameter                           0x080029d3   Thumb Code    88  device_storage.o(.text)
    ReadLogProfile                           0x08002a2b   Thumb Code   112  device_storage.o(.text)
    EraseLog                                 0x08002a9b   Thumb Code    44  device_storage.o(.text)
    ReadLog                                  0x08002ac7   Thumb Code   148  device_storage.o(.text)
    WriteLog                                 0x08002b5b   Thumb Code   138  device_storage.o(.text)
    .text                                    0x08002cfc   Section        0  device_systick.o(.text)
    RegisterSystick                          0x08002cfd   Thumb Code   120  device_systick.o(.text)
    .text                                    0x08002ec0   Section        0  device_usart1.o(.text)
    InitQueue                                0x08002ec1   Thumb Code    30  device_usart1.o(.text)
    WriteByte                                0x08002edf   Thumb Code    92  device_usart1.o(.text)
    Write                                    0x08002f3b   Thumb Code    46  device_usart1.o(.text)
    Open                                     0x0800301b   Thumb Code    24  device_usart1.o(.text)
    Close                                    0x08003033   Thumb Code    24  device_usart1.o(.text)
    .text                                    0x08003124   Section        0  device_usart2.o(.text)
    UsartDummy                               0x08003125   Thumb Code     2  device_usart2.o(.text)
    Register                                 0x08003127   Thumb Code     6  device_usart2.o(.text)
    Write                                    0x08003157   Thumb Code    38  device_usart2.o(.text)
    .text                                    0x0800328c   Section        0  device_misc.o(.text)
    SetBeep                                  0x0800328d   Thumb Code     6  device_misc.o(.text)
    .text                                    0x080032d4   Section        0  system_stm32f10x.o(.text)
    SetSysClockTo72                          0x080032d5   Thumb Code   214  system_stm32f10x.o(.text)
    SetSysClock                              0x080033ab   Thumb Code     8  system_stm32f10x.o(.text)
    .text                                    0x080034b4   Section       36  startup_stm32f10x_md.o(.text)
    .text                                    0x080034d8   Section        0  stm32f10x_usart.o(.text)
    .text                                    0x080038e0   Section        0  misc.o(.text)
    .text                                    0x080039bc   Section        0  stm32f10x_gpio.o(.text)
    .text                                    0x08003d18   Section        0  stm32f10x_rcc.o(.text)
    .text                                    0x080040bc   Section        0  stm32f10x_flash.o(.text)
    .text                                    0x08004678   Section        0  stm32f10x_adc.o(.text)
    .text                                    0x08004ac8   Section        0  stm32f10x_dma.o(.text)
    .text                                    0x08004d1c   Section        0  stm32f10x_tim.o(.text)
    TI4_Config                               0x080051c3   Thumb Code   130  stm32f10x_tim.o(.text)
    TI3_Config                               0x08005257   Thumb Code   122  stm32f10x_tim.o(.text)
    TI2_Config                               0x080052eb   Thumb Code   130  stm32f10x_tim.o(.text)
    TI1_Config                               0x0800537f   Thumb Code   108  stm32f10x_tim.o(.text)
    .text                                    0x08005b36   Section        0  memcpya.o(.text)
    .text                                    0x08005b5a   Section        0  memseta.o(.text)
    .text                                    0x08005b7e   Section        0  strlen.o(.text)
    .text                                    0x08005b8c   Section        0  fadd.o(.text)
    .text                                    0x08005c3c   Section        0  fmul.o(.text)
    .text                                    0x08005ca0   Section        0  fdiv.o(.text)
    .text                                    0x08005d1c   Section        0  dadd.o(.text)
    .text                                    0x08005e6a   Section        0  dmul.o(.text)
    .text                                    0x08005f4e   Section        0  ddiv.o(.text)
    .text                                    0x0800602c   Section        0  fflti.o(.text)
    .text                                    0x0800603e   Section        0  ffltui.o(.text)
    .text                                    0x08006048   Section        0  dflti.o(.text)
    .text                                    0x0800606a   Section        0  dfltui.o(.text)
    .text                                    0x08006084   Section        0  ffixi.o(.text)
    .text                                    0x080060b6   Section        0  ffixui.o(.text)
    .text                                    0x080060de   Section        0  dfixi.o(.text)
    .text                                    0x0800611c   Section        0  dfixui.o(.text)
    .text                                    0x0800614e   Section        0  f2d.o(.text)
    .text                                    0x08006174   Section        0  d2f.o(.text)
    .text                                    0x080061ac   Section       20  cfcmple.o(.text)
    .text                                    0x080061c0   Section       20  cfrcmple.o(.text)
    .text                                    0x080061d4   Section        0  uidiv.o(.text)
    .text                                    0x08006200   Section        0  uldiv.o(.text)
    .text                                    0x08006262   Section        0  llshl.o(.text)
    .text                                    0x08006280   Section        0  llushr.o(.text)
    .text                                    0x080062a0   Section        0  llsshr.o(.text)
    .text                                    0x080062c4   Section        0  iusefp.o(.text)
    .text                                    0x080062c4   Section        0  fepilogue.o(.text)
    .text                                    0x08006332   Section        0  depilogue.o(.text)
    .text                                    0x080063ec   Section        0  dfixul.o(.text)
    .text                                    0x0800641c   Section       48  cdrcmple.o(.text)
    .text                                    0x0800644c   Section       36  init.o(.text)
    .text                                    0x08006470   Section        0  __dczerorl2.o(.text)
    i.__0printf                              0x080064c8   Section        0  printfa.o(i.__0printf)
    i.__0sprintf                             0x080064e8   Section        0  printfa.o(i.__0sprintf)
    i.__0vsprintf                            0x08006510   Section        0  printfa.o(i.__0vsprintf)
    i.__scatterload_copy                     0x08006534   Section       14  handlers.o(i.__scatterload_copy)
    i.__scatterload_null                     0x08006542   Section        2  handlers.o(i.__scatterload_null)
    i.__scatterload_zeroinit                 0x08006544   Section       14  handlers.o(i.__scatterload_zeroinit)
    i._fp_digits                             0x08006554   Section        0  printfa.o(i._fp_digits)
    _fp_digits                               0x08006555   Thumb Code   366  printfa.o(i._fp_digits)
    i._printf_core                           0x080066d8   Section        0  printfa.o(i._printf_core)
    _printf_core                             0x080066d9   Thumb Code  1744  printfa.o(i._printf_core)
    i._printf_post_padding                   0x08006db4   Section        0  printfa.o(i._printf_post_padding)
    _printf_post_padding                     0x08006db5   Thumb Code    36  printfa.o(i._printf_post_padding)
    i._printf_pre_padding                    0x08006dd8   Section        0  printfa.o(i._printf_pre_padding)
    _printf_pre_padding                      0x08006dd9   Thumb Code    46  printfa.o(i._printf_pre_padding)
    i._sputc                                 0x08006e06   Section        0  printfa.o(i._sputc)
    _sputc                                   0x08006e07   Thumb Code    10  printfa.o(i._sputc)
    .constdata                               0x08006e10   Section       16  system.o(.constdata)
    HextoAscii                               0x08006e10   Data          16  system.o(.constdata)
    .constdata                               0x08006e20   Section      512  modbus.o(.constdata)
    .constdata                               0x08007020   Section        4  device_lcd.o(.constdata)
    .conststring                             0x08007024   Section      133  menu.o(.conststring)
    .data                                    0x20000000   Section        1  logic.o(.data)
    Counter                                  0x20000000   Data           1  logic.o(.data)
    .data                                    0x20000004   Section        4  menu.o(.data)
    MenuSystick                              0x20000004   Data           4  menu.o(.data)
    .data                                    0x20000008   Section      184  system.o(.data)
    .data                                    0x200000c0   Section        8  os.o(.data)
    .data                                    0x200000c8   Section        5  gui.o(.data)
    FocusFormPointer                         0x200000c8   Data           4  gui.o(.data)
    Counter                                  0x200000cc   Data           1  gui.o(.data)
    .data                                    0x200000d0   Section       78  modbus_slave.o(.data)
    DoBlock                                  0x200000d0   Data          24  modbus_slave.o(.data)
    DiBlock                                  0x200000e8   Data          16  modbus_slave.o(.data)
    AdcBlock                                 0x200000f8   Data          16  modbus_slave.o(.data)
    RegBlock                                 0x20000108   Data          16  modbus_slave.o(.data)
    RxdState                                 0x20000118   Data           1  modbus_slave.o(.data)
    RxdCounter                               0x2000011a   Data           2  modbus_slave.o(.data)
    RxdTimeout                               0x2000011c   Data           2  modbus_slave.o(.data)
    .data                                    0x2000011e   Section       10  device_adc.o(.data)
    Adc                                      0x2000011e   Data           8  device_adc.o(.data)
    NullValue                                0x20000126   Data           2  device_adc.o(.data)
    .data                                    0x20000128   Section       16  device_key.o(.data)
    Scan                                     0x20000128   Data           1  device_key.o(.data)
    ScanCounter                              0x2000012c   Data           4  device_key.o(.data)
    Enable                                   0x20000130   Data           1  device_key.o(.data)
    Key                                      0x20000131   Data           1  device_key.o(.data)
    StateCounter                             0x20000134   Data           4  device_key.o(.data)
    .data                                    0x20000138   Section        1  device_rtc.o(.data)
    Counter                                  0x20000138   Data           1  device_rtc.o(.data)
    .data                                    0x2000013c   Section        8  device_timer.o(.data)
    State                                    0x2000013c   Data           4  device_timer.o(.data)
    Mode                                     0x20000140   Data           4  device_timer.o(.data)
    .data                                    0x20000144   Section       12  device_storage.o(.data)
    CellBlock                                0x20000144   Data           4  device_storage.o(.data)
    Parameter                                0x20000148   Data           8  device_storage.o(.data)
    .data                                    0x20000150   Section       68  device_systick.o(.data)
    Systick10000RegisterPointerBlock         0x20000150   Data           8  device_systick.o(.data)
    Systick1000RegisterPointerBlock          0x20000158   Data          16  device_systick.o(.data)
    Systick100RegisterPointerBlock           0x20000168   Data          40  device_systick.o(.data)
    Systick100Counter                        0x20000190   Data           1  device_systick.o(.data)
    Systick1000Counter                       0x20000191   Data           1  device_systick.o(.data)
    Systick10000Counter                      0x20000192   Data           1  device_systick.o(.data)
    Counter                                  0x20000193   Data           1  device_systick.o(.data)
    .data                                    0x20000194   Section        4  device_usart2.o(.data)
    Rxd                                      0x20000194   Data           4  device_usart2.o(.data)
    .data                                    0x20000198   Section       20  system_stm32f10x.o(.data)
    .data                                    0x200001ac   Section       20  stm32f10x_rcc.o(.data)
    APBAHBPrescTable                         0x200001ac   Data          16  stm32f10x_rcc.o(.data)
    ADCPrescTable                            0x200001bc   Data           4  stm32f10x_rcc.o(.data)
    .data                                    0x200001c0   Section        4  stdout.o(.data)
    .bss                                     0x200001c4   Section      240  app.o(.bss)
    .bss                                     0x200002b4   Section      172  menu.o(.bss)
    PwmCycleTextBox                          0x200002b4   Data          48  menu.o(.bss)
    PwmHighLevelTextBox                      0x200002e4   Data          48  menu.o(.bss)
    Lm35dtVoltageLabel                       0x20000314   Data          48  menu.o(.bss)
    Lm35dtTemperatureLabel                   0x20000344   Data          28  menu.o(.bss)
    .bss                                     0x20000360   Section     3408  os.o(.bss)
    MessageQueue                             0x20000360   Data          20  os.o(.bss)
    QueueBuffer                              0x20000374   Data         160  os.o(.bss)
    LogicTaskStack                           0x20000418   Data        1600  os.o(.bss)
    MenuTaskStack                            0x20000a58   Data        1600  os.o(.bss)
    LogicTask                                0x20001098   Data          12  os.o(.bss)
    MenuTask                                 0x200010a4   Data          12  os.o(.bss)
    .bss                                     0x200010b0   Section      288  gui.o(.bss)
    VirtualLcd                               0x200010b0   Data          64  gui.o(.bss)
    GuiLcd                                   0x200010f0   Data          64  gui.o(.bss)
    MessageBuffer                            0x20001130   Data         160  gui.o(.bss)
    .bss                                     0x200011d0   Section       60  pid.o(.bss)
    .bss                                     0x2000120c   Section      512  modbus_slave.o(.bss)
    TxdBuffer                                0x2000120c   Data         256  modbus_slave.o(.bss)
    RxdBuffer                                0x2000130c   Data         256  modbus_slave.o(.bss)
    .bss                                     0x2000140c   Section      100  device_adc.o(.bss)
    DmaBuffer                                0x2000140c   Data          80  device_adc.o(.bss)
    RegisterPointerBlock                     0x2000145c   Data          20  device_adc.o(.bss)
    .bss                                     0x20001470   Section       64  device_timer.o(.bss)
    TimerBlock                               0x20001470   Data          64  device_timer.o(.bss)
    .bss                                     0x200014b0   Section       12  device_storage.o(.bss)
    Log                                      0x200014b0   Data          12  device_storage.o(.bss)
    .bss                                     0x200014bc   Section     1020  device_usart1.o(.bss)
    TxdQueue                                 0x200014bc   Data          20  device_usart1.o(.bss)
    TxdBuffer                                0x200014d0   Data        1000  device_usart1.o(.bss)
    STACK                                    0x200018b8   Section     1024  startup_stm32f10x_md.o(STACK)

    Global Symbols

    Symbol Name                              Value     Ov Type        Size  Object(Section)

    BuildAttributes$$THM_ISAv4$P$D$K$B$S$PE$A:L22UL41UL21$X:L11$S22US41US21$IEEE1$IW$USESV6$~STKCKD$USESV7$~SHL$OTIME$ROPI$EBA8$MICROLIB$REQ8$PRES8$EABIv2 0x00000000   Number         0  anon$$obj.o ABSOLUTE
    __ARM_use_no_argv                        0x00000000   Number         0  app.o ABSOLUTE
    _printf_a                                0x00000000   Number         0  stubs.o ABSOLUTE
    _printf_c                                0x00000000   Number         0  stubs.o ABSOLUTE
    _printf_charcount                        0x00000000   Number         0  stubs.o ABSOLUTE
    _printf_d                                0x00000000   Number         0  stubs.o ABSOLUTE
    _printf_e                                0x00000000   Number         0  stubs.o ABSOLUTE
    _printf_f                                0x00000000   Number         0  stubs.o ABSOLUTE
    _printf_flags                            0x00000000   Number         0  stubs.o ABSOLUTE
    _printf_fp_dec                           0x00000000   Number         0  stubs.o ABSOLUTE
    _printf_fp_hex                           0x00000000   Number         0  stubs.o ABSOLUTE
    _printf_g                                0x00000000   Number         0  stubs.o ABSOLUTE
    _printf_i                                0x00000000   Number         0  stubs.o ABSOLUTE
    _printf_int_dec                          0x00000000   Number         0  stubs.o ABSOLUTE
    _printf_l                                0x00000000   Number         0  stubs.o ABSOLUTE
    _printf_lc                               0x00000000   Number         0  stubs.o ABSOLUTE
    _printf_ll                               0x00000000   Number         0  stubs.o ABSOLUTE
    _printf_lld                              0x00000000   Number         0  stubs.o ABSOLUTE
    _printf_lli                              0x00000000   Number         0  stubs.o ABSOLUTE
    _printf_llo                              0x00000000   Number         0  stubs.o ABSOLUTE
    _printf_llu                              0x00000000   Number         0  stubs.o ABSOLUTE
    _printf_llx                              0x00000000   Number         0  stubs.o ABSOLUTE
    _printf_longlong_dec                     0x00000000   Number         0  stubs.o ABSOLUTE
    _printf_longlong_hex                     0x00000000   Number         0  stubs.o ABSOLUTE
    _printf_longlong_oct                     0x00000000   Number         0  stubs.o ABSOLUTE
    _printf_ls                               0x00000000   Number         0  stubs.o ABSOLUTE
    _printf_mbtowc                           0x00000000   Number         0  stubs.o ABSOLUTE
    _printf_n                                0x00000000   Number         0  stubs.o ABSOLUTE
    _printf_o                                0x00000000   Number         0  stubs.o ABSOLUTE
    _printf_p                                0x00000000   Number         0  stubs.o ABSOLUTE
    _printf_percent                          0x00000000   Number         0  stubs.o ABSOLUTE
    _printf_pre_padding                      0x00000000   Number         0  stubs.o ABSOLUTE
    _printf_return_value                     0x00000000   Number         0  stubs.o ABSOLUTE
    _printf_s                                0x00000000   Number         0  stubs.o ABSOLUTE
    _printf_sizespec                         0x00000000   Number         0  stubs.o ABSOLUTE
    _printf_str                              0x00000000   Number         0  stubs.o ABSOLUTE
    _printf_truncate_signed                  0x00000000   Number         0  stubs.o ABSOLUTE
    _printf_truncate_unsigned                0x00000000   Number         0  stubs.o ABSOLUTE
    _printf_u                                0x00000000   Number         0  stubs.o ABSOLUTE
    _printf_wc                               0x00000000   Number         0  stubs.o ABSOLUTE
    _printf_wctomb                           0x00000000   Number         0  stubs.o ABSOLUTE
    _printf_widthprec                        0x00000000   Number         0  stubs.o ABSOLUTE
    _printf_x                                0x00000000   Number         0  stubs.o ABSOLUTE
    __cpp_initialize__aeabi_                  - Undefined Weak Reference
    __cxa_finalize                            - Undefined Weak Reference
    _clock_init                               - Undefined Weak Reference
    _microlib_exit                            - Undefined Weak Reference
    __Vectors_Size                           0x000000ec   Number         0  startup_stm32f10x_md.o ABSOLUTE
    __Vectors                                0x08000000   Data           4  startup_stm32f10x_md.o(RESET)
    __Vectors_End                            0x080000ec   Data           0  startup_stm32f10x_md.o(RESET)
    __main                                   0x080000ed   Thumb Code     0  entry.o(.ARM.Collect$$$$00000000)
    _main_stk                                0x080000ed   Thumb Code     0  entry2.o(.ARM.Collect$$$$00000001)
    _main_scatterload                        0x080000f1   Thumb Code     0  entry5.o(.ARM.Collect$$$$00000004)
    __main_after_scatterload                 0x080000f5   Thumb Code     0  entry5.o(.ARM.Collect$$$$00000004)
    _main_clock                              0x080000f5   Thumb Code     0  entry7b.o(.ARM.Collect$$$$00000008)
    _main_cpp_init                           0x080000f5   Thumb Code     0  entry8b.o(.ARM.Collect$$$$0000000A)
    _main_init                               0x080000f5   Thumb Code     0  entry9a.o(.ARM.Collect$$$$0000000B)
    __rt_final_cpp                           0x080000fd   Thumb Code     0  entry10a.o(.ARM.Collect$$$$0000000D)
    __rt_final_exit                          0x080000fd   Thumb Code     0  entry11a.o(.ARM.Collect$$$$0000000F)
    PendSV_Handler                           0x08000101   Thumb Code    44  os.o(.emb_text)
    InitPsp                                  0x08000135   Thumb Code     6  os.o(.emb_text)
    main                                     0x080001f5   Thumb Code    40  app.o(.text)
    SaveProcess                              0x0800026b   Thumb Code    34  logic.o(.text)
    LongSaveProcess                          0x0800028d   Thumb Code    28  logic.o(.text)
    TextBoxKeyTest                           0x080002d5   Thumb Code    16  logic.o(.text)
    TextBoxKeyTest1                          0x080002e5   Thumb Code    18  logic.o(.text)
    KeyProcess                               0x080002f7   Thumb Code   300  logic.o(.text)
    LogicTask                                0x0800045f   Thumb Code    92  logic.o(.text)
    InitWorkForm                             0x08000501   Thumb Code   194  menu.o(.text)
    InitMenu                                 0x080005c3   Thumb Code    12  menu.o(.text)
    MenuTask                                 0x080005cf   Thumb Code    62  menu.o(.text)
    Dummy                                    0x08000635   Thumb Code     2  system.o(.text)
    Delay                                    0x08000637   Thumb Code    18  system.o(.text)
    DelayUs                                  0x08000649   Thumb Code    22  system.o(.text)
    DelayMs                                  0x0800065f   Thumb Code    24  system.o(.text)
    HexToAscii                               0x08000677   Thumb Code    28  system.o(.text)
    PostMessage                              0x08000693   Thumb Code    20  system.o(.text)
    InitOs                                   0x08000983   Thumb Code    66  os.o(.text)
    InitGui                                  0x080012e7   Thumb Code    76  gui.o(.text)
    PidSystick100                            0x08001361   Thumb Code   318  pid.o(.text)
    InitPid                                  0x0800149f   Thumb Code    56  pid.o(.text)
    Crc16                                    0x0800150d   Thumb Code    54  modbus.o(.text)
    InitModbus                               0x08001543   Thumb Code     8  modbus.o(.text)
    InitSlaveModbus                          0x08001a61   Thumb Code    26  modbus_slave.o(.text)
    InitDevice                               0x08001ab5   Thumb Code    76  device.o(.text)
    AdcSystick10000Routine                   0x08001b4f   Thumb Code   224  device_adc.o(.text)
    InitAdc                                  0x08001c2f   Thumb Code   306  device_adc.o(.text)
    DiSystick10000Routine                    0x08001da1   Thumb Code    74  device_di.o(.text)
    InitDI                                   0x08001deb   Thumb Code    78  device_di.o(.text)
    DoSystick10000Routine                    0x08001ea1   Thumb Code   110  device_do.o(.text)
    InitDO                                   0x08002193   Thumb Code    94  device_do.o(.text)
    KeySystick1000Routine                    0x080022bb   Thumb Code   440  device_key.o(.text)
    InitKey                                  0x08002473   Thumb Code   162  device_key.o(.text)
    InitLcd                                  0x08002665   Thumb Code   120  device_lcd.o(.text)
    RtcSystick100Routine                     0x080026f5   Thumb Code   172  device_rtc.o(.text)
    TimerSystick1000Routine                  0x080027a9   Thumb Code   110  device_timer.o(.text)
    InitTimer                                0x08002865   Thumb Code    12  device_timer.o(.text)
    InitStorage                              0x08002be5   Thumb Code    32  device_storage.o(.text)
    SysTick_Handler                          0x08002d75   Thumb Code   190  device_systick.o(.text)
    InitSystick                              0x08002e33   Thumb Code    90  device_systick.o(.text)
    fputc                                    0x08002f69   Thumb Code    26  device_usart1.o(.text)
    Usart1Systick1000Routine                 0x08002f83   Thumb Code   102  device_usart1.o(.text)
    USART1_IRQHandler                        0x08002fe9   Thumb Code    50  device_usart1.o(.text)
    InitUsart1                               0x0800304b   Thumb Code   178  device_usart1.o(.text)
    USART2_IRQHandler                        0x0800312d   Thumb Code    42  device_usart2.o(.text)
    InitUsart2                               0x0800317d   Thumb Code   242  device_usart2.o(.text)
    InitMisc                                 0x08003293   Thumb Code    50  device_misc.o(.text)
    SystemInit                               0x080033b3   Thumb Code    78  system_stm32f10x.o(.text)
    SystemCoreClockUpdate                    0x08003401   Thumb Code   142  system_stm32f10x.o(.text)
    Reset_Handler                            0x080034b5   Thumb Code     8  startup_stm32f10x_md.o(.text)
    NMI_Handler                              0x080034bd   Thumb Code     2  startup_stm32f10x_md.o(.text)
    HardFault_Handler                        0x080034bf   Thumb Code     2  startup_stm32f10x_md.o(.text)
    MemManage_Handler                        0x080034c1   Thumb Code     2  startup_stm32f10x_md.o(.text)
    BusFault_Handler                         0x080034c3   Thumb Code     2  startup_stm32f10x_md.o(.text)
    UsageFault_Handler                       0x080034c5   Thumb Code     2  startup_stm32f10x_md.o(.text)
    SVC_Handler                              0x080034c7   Thumb Code     2  startup_stm32f10x_md.o(.text)
    DebugMon_Handler                         0x080034c9   Thumb Code     2  startup_stm32f10x_md.o(.text)
    ADC1_2_IRQHandler                        0x080034cf   Thumb Code     0  startup_stm32f10x_md.o(.text)
    CAN1_RX1_IRQHandler                      0x080034cf   Thumb Code     0  startup_stm32f10x_md.o(.text)
    CAN1_SCE_IRQHandler                      0x080034cf   Thumb Code     0  startup_stm32f10x_md.o(.text)
    DMA1_Channel1_IRQHandler                 0x080034cf   Thumb Code     0  startup_stm32f10x_md.o(.text)
    DMA1_Channel2_IRQHandler                 0x080034cf   Thumb Code     0  startup_stm32f10x_md.o(.text)
    DMA1_Channel3_IRQHandler                 0x080034cf   Thumb Code     0  startup_stm32f10x_md.o(.text)
    DMA1_Channel4_IRQHandler                 0x080034cf   Thumb Code     0  startup_stm32f10x_md.o(.text)
    DMA1_Channel5_IRQHandler                 0x080034cf   Thumb Code     0  startup_stm32f10x_md.o(.text)
    DMA1_Channel6_IRQHandler                 0x080034cf   Thumb Code     0  startup_stm32f10x_md.o(.text)
    DMA1_Channel7_IRQHandler                 0x080034cf   Thumb Code     0  startup_stm32f10x_md.o(.text)
    EXTI0_IRQHandler                         0x080034cf   Thumb Code     0  startup_stm32f10x_md.o(.text)
    EXTI15_10_IRQHandler                     0x080034cf   Thumb Code     0  startup_stm32f10x_md.o(.text)
    EXTI1_IRQHandler                         0x080034cf   Thumb Code     0  startup_stm32f10x_md.o(.text)
    EXTI2_IRQHandler                         0x080034cf   Thumb Code     0  startup_stm32f10x_md.o(.text)
    EXTI3_IRQHandler                         0x080034cf   Thumb Code     0  startup_stm32f10x_md.o(.text)
    EXTI4_IRQHandler                         0x080034cf   Thumb Code     0  startup_stm32f10x_md.o(.text)
    EXTI9_5_IRQHandler                       0x080034cf   Thumb Code     0  startup_stm32f10x_md.o(.text)
    FLASH_IRQHandler                         0x080034cf   Thumb Code     0  startup_stm32f10x_md.o(.text)
    I2C1_ER_IRQHandler                       0x080034cf   Thumb Code     0  startup_stm32f10x_md.o(.text)
    I2C1_EV_IRQHandler                       0x080034cf   Thumb Code     0  startup_stm32f10x_md.o(.text)
    I2C2_ER_IRQHandler                       0x080034cf   Thumb Code     0  startup_stm32f10x_md.o(.text)
    I2C2_EV_IRQHandler                       0x080034cf   Thumb Code     0  startup_stm32f10x_md.o(.text)
    PVD_IRQHandler                           0x080034cf   Thumb Code     0  startup_stm32f10x_md.o(.text)
    RCC_IRQHandler                           0x080034cf   Thumb Code     0  startup_stm32f10x_md.o(.text)
    RTCAlarm_IRQHandler                      0x080034cf   Thumb Code     0  startup_stm32f10x_md.o(.text)
    RTC_IRQHandler                           0x080034cf   Thumb Code     0  startup_stm32f10x_md.o(.text)
    SPI1_IRQHandler                          0x080034cf   Thumb Code     0  startup_stm32f10x_md.o(.text)
    SPI2_IRQHandler                          0x080034cf   Thumb Code     0  startup_stm32f10x_md.o(.text)
    TAMPER_IRQHandler                        0x080034cf   Thumb Code     0  startup_stm32f10x_md.o(.text)
    TIM1_BRK_IRQHandler                      0x080034cf   Thumb Code     0  startup_stm32f10x_md.o(.text)
    TIM1_CC_IRQHandler                       0x080034cf   Thumb Code     0  startup_stm32f10x_md.o(.text)
    TIM1_TRG_COM_IRQHandler                  0x080034cf   Thumb Code     0  startup_stm32f10x_md.o(.text)
    TIM1_UP_IRQHandler                       0x080034cf   Thumb Code     0  startup_stm32f10x_md.o(.text)
    TIM2_IRQHandler                          0x080034cf   Thumb Code     0  startup_stm32f10x_md.o(.text)
    TIM3_IRQHandler                          0x080034cf   Thumb Code     0  startup_stm32f10x_md.o(.text)
    TIM4_IRQHandler                          0x080034cf   Thumb Code     0  startup_stm32f10x_md.o(.text)
    USART3_IRQHandler                        0x080034cf   Thumb Code     0  startup_stm32f10x_md.o(.text)
    USBWakeUp_IRQHandler                     0x080034cf   Thumb Code     0  startup_stm32f10x_md.o(.text)
    USB_HP_CAN1_TX_IRQHandler                0x080034cf   Thumb Code     0  startup_stm32f10x_md.o(.text)
    USB_LP_CAN1_RX0_IRQHandler               0x080034cf   Thumb Code     0  startup_stm32f10x_md.o(.text)
    WWDG_IRQHandler                          0x080034cf   Thumb Code     0  startup_stm32f10x_md.o(.text)
    USART_DeInit                             0x080034d9   Thumb Code   134  stm32f10x_usart.o(.text)
    USART_Init                               0x0800355f   Thumb Code   210  stm32f10x_usart.o(.text)
    USART_StructInit                         0x08003631   Thumb Code    24  stm32f10x_usart.o(.text)
    USART_ClockInit                          0x08003649   Thumb Code    34  stm32f10x_usart.o(.text)
    USART_ClockStructInit                    0x0800366b   Thumb Code    12  stm32f10x_usart.o(.text)
    USART_Cmd                                0x08003677   Thumb Code    24  stm32f10x_usart.o(.text)
    USART_ITConfig                           0x0800368f   Thumb Code    74  stm32f10x_usart.o(.text)
    USART_DMACmd                             0x080036d9   Thumb Code    18  stm32f10x_usart.o(.text)
    USART_SetAddress                         0x080036eb   Thumb Code    18  stm32f10x_usart.o(.text)
    USART_WakeUpConfig                       0x080036fd   Thumb Code    18  stm32f10x_usart.o(.text)
    USART_ReceiverWakeUpCmd                  0x0800370f   Thumb Code    24  stm32f10x_usart.o(.text)
    USART_LINBreakDetectLengthConfig         0x08003727   Thumb Code    18  stm32f10x_usart.o(.text)
    USART_LINCmd                             0x08003739   Thumb Code    24  stm32f10x_usart.o(.text)
    USART_SendData                           0x08003751   Thumb Code     8  stm32f10x_usart.o(.text)
    USART_ReceiveData                        0x08003759   Thumb Code    10  stm32f10x_usart.o(.text)
    USART_SendBreak                          0x08003763   Thumb Code    10  stm32f10x_usart.o(.text)
    USART_SetGuardTime                       0x0800376d   Thumb Code    16  stm32f10x_usart.o(.text)
    USART_SetPrescaler                       0x0800377d   Thumb Code    16  stm32f10x_usart.o(.text)
    USART_SmartCardCmd                       0x0800378d   Thumb Code    24  stm32f10x_usart.o(.text)
    USART_SmartCardNACKCmd                   0x080037a5   Thumb Code    24  stm32f10x_usart.o(.text)
    USART_HalfDuplexCmd                      0x080037bd   Thumb Code    24  stm32f10x_usart.o(.text)
    USART_OverSampling8Cmd                   0x080037d5   Thumb Code    22  stm32f10x_usart.o(.text)
    USART_OneBitMethodCmd                    0x080037eb   Thumb Code    24  stm32f10x_usart.o(.text)
    USART_IrDAConfig                         0x08003803   Thumb Code    18  stm32f10x_usart.o(.text)
    USART_IrDACmd                            0x08003815   Thumb Code    24  stm32f10x_usart.o(.text)
    USART_GetFlagStatus                      0x0800382d   Thumb Code    26  stm32f10x_usart.o(.text)
    USART_ClearFlag                          0x08003847   Thumb Code    18  stm32f10x_usart.o(.text)
    USART_GetITStatus                        0x08003859   Thumb Code    84  stm32f10x_usart.o(.text)
    USART_ClearITPendingBit                  0x080038ad   Thumb Code    52  stm32f10x_usart.o(.text)
    NVIC_PriorityGroupConfig                 0x080038e1   Thumb Code    10  misc.o(.text)
    NVIC_Init                                0x080038eb   Thumb Code   100  misc.o(.text)
    NVIC_SetVectorTable                      0x0800394f   Thumb Code    14  misc.o(.text)
    NVIC_SystemLPConfig                      0x0800395d   Thumb Code    34  misc.o(.text)
    SysTick_CLKSourceConfig                  0x0800397f   Thumb Code    40  misc.o(.text)
    GPIO_DeInit                              0x080039bd   Thumb Code   172  stm32f10x_gpio.o(.text)
    GPIO_AFIODeInit                          0x08003a69   Thumb Code    20  stm32f10x_gpio.o(.text)
    GPIO_Init                                0x08003a7d   Thumb Code   278  stm32f10x_gpio.o(.text)
    GPIO_StructInit                          0x08003b93   Thumb Code    16  stm32f10x_gpio.o(.text)
    GPIO_ReadInputDataBit                    0x08003ba3   Thumb Code    18  stm32f10x_gpio.o(.text)
    GPIO_ReadInputData                       0x08003bb5   Thumb Code     8  stm32f10x_gpio.o(.text)
    GPIO_ReadOutputDataBit                   0x08003bbd   Thumb Code    18  stm32f10x_gpio.o(.text)
    GPIO_ReadOutputData                      0x08003bcf   Thumb Code     8  stm32f10x_gpio.o(.text)
    GPIO_SetBits                             0x08003bd7   Thumb Code     4  stm32f10x_gpio.o(.text)
    GPIO_ResetBits                           0x08003bdb   Thumb Code     4  stm32f10x_gpio.o(.text)
    GPIO_WriteBit                            0x08003bdf   Thumb Code    10  stm32f10x_gpio.o(.text)
    GPIO_Write                               0x08003be9   Thumb Code     4  stm32f10x_gpio.o(.text)
    GPIO_PinLockConfig                       0x08003bed   Thumb Code    18  stm32f10x_gpio.o(.text)
    GPIO_EventOutputConfig                   0x08003bff   Thumb Code    26  stm32f10x_gpio.o(.text)
    GPIO_EventOutputCmd                      0x08003c19   Thumb Code     6  stm32f10x_gpio.o(.text)
    GPIO_PinRemapConfig                      0x08003c1f   Thumb Code   138  stm32f10x_gpio.o(.text)
    GPIO_EXTILineConfig                      0x08003ca9   Thumb Code    66  stm32f10x_gpio.o(.text)
    GPIO_ETH_MediaInterfaceConfig            0x08003ceb   Thumb Code     8  stm32f10x_gpio.o(.text)
    RCC_DeInit                               0x08003d19   Thumb Code    64  stm32f10x_rcc.o(.text)
    RCC_HSEConfig                            0x08003d59   Thumb Code    70  stm32f10x_rcc.o(.text)
    RCC_GetFlagStatus                        0x08003d9f   Thumb Code    56  stm32f10x_rcc.o(.text)
    RCC_WaitForHSEStartUp                    0x08003dd7   Thumb Code    56  stm32f10x_rcc.o(.text)
    RCC_AdjustHSICalibrationValue            0x08003e0f   Thumb Code    20  stm32f10x_rcc.o(.text)
    RCC_HSICmd                               0x08003e23   Thumb Code     6  stm32f10x_rcc.o(.text)
    RCC_PLLConfig                            0x08003e29   Thumb Code    24  stm32f10x_rcc.o(.text)
    RCC_PLLCmd                               0x08003e41   Thumb Code     6  stm32f10x_rcc.o(.text)
    RCC_SYSCLKConfig                         0x08003e47   Thumb Code    18  stm32f10x_rcc.o(.text)
    RCC_GetSYSCLKSource                      0x08003e59   Thumb Code    10  stm32f10x_rcc.o(.text)
    RCC_HCLKConfig                           0x08003e63   Thumb Code    18  stm32f10x_rcc.o(.text)
    RCC_PCLK1Config                          0x08003e75   Thumb Code    18  stm32f10x_rcc.o(.text)
    RCC_PCLK2Config                          0x08003e87   Thumb Code    20  stm32f10x_rcc.o(.text)
    RCC_ITConfig                             0x08003e9b   Thumb Code    26  stm32f10x_rcc.o(.text)
    RCC_USBCLKConfig                         0x08003eb5   Thumb Code     8  stm32f10x_rcc.o(.text)
    RCC_ADCCLKConfig                         0x08003ebd   Thumb Code    18  stm32f10x_rcc.o(.text)
    RCC_LSEConfig                            0x08003ecf   Thumb Code    50  stm32f10x_rcc.o(.text)
    RCC_LSICmd                               0x08003f01   Thumb Code     6  stm32f10x_rcc.o(.text)
    RCC_RTCCLKConfig                         0x08003f07   Thumb Code    12  stm32f10x_rcc.o(.text)
    RCC_RTCCLKCmd                            0x08003f13   Thumb Code     8  stm32f10x_rcc.o(.text)
    RCC_GetClocksFreq                        0x08003f1b   Thumb Code   192  stm32f10x_rcc.o(.text)
    RCC_AHBPeriphClockCmd                    0x08003fdb   Thumb Code    26  stm32f10x_rcc.o(.text)
    RCC_APB2PeriphClockCmd                   0x08003ff5   Thumb Code    26  stm32f10x_rcc.o(.text)
    RCC_APB1PeriphClockCmd                   0x0800400f   Thumb Code    26  stm32f10x_rcc.o(.text)
    RCC_APB2PeriphResetCmd                   0x08004029   Thumb Code    26  stm32f10x_rcc.o(.text)
    RCC_APB1PeriphResetCmd                   0x08004043   Thumb Code    26  stm32f10x_rcc.o(.text)
    RCC_BackupResetCmd                       0x0800405d   Thumb Code     8  stm32f10x_rcc.o(.text)
    RCC_ClockSecuritySystemCmd               0x08004065   Thumb Code     6  stm32f10x_rcc.o(.text)
    RCC_MCOConfig                            0x0800406b   Thumb Code     6  stm32f10x_rcc.o(.text)
    RCC_ClearFlag                            0x08004071   Thumb Code    14  stm32f10x_rcc.o(.text)
    RCC_GetITStatus                          0x0800407f   Thumb Code    20  stm32f10x_rcc.o(.text)
    RCC_ClearITPendingBit                    0x08004093   Thumb Code     6  stm32f10x_rcc.o(.text)
    FLASH_SetLatency                         0x080040bd   Thumb Code    18  stm32f10x_flash.o(.text)
    FLASH_HalfCycleAccessCmd                 0x080040cf   Thumb Code    22  stm32f10x_flash.o(.text)
    FLASH_PrefetchBufferCmd                  0x080040e5   Thumb Code    22  stm32f10x_flash.o(.text)
    FLASH_Unlock                             0x080040fb   Thumb Code    12  stm32f10x_flash.o(.text)
    FLASH_UnlockBank1                        0x08004107   Thumb Code    12  stm32f10x_flash.o(.text)
    FLASH_Lock                               0x08004113   Thumb Code    14  stm32f10x_flash.o(.text)
    FLASH_LockBank1                          0x08004121   Thumb Code    14  stm32f10x_flash.o(.text)
    FLASH_GetBank1Status                     0x0800412f   Thumb Code    48  stm32f10x_flash.o(.text)
    FLASH_WaitForLastOperation               0x0800415f   Thumb Code    38  stm32f10x_flash.o(.text)
    FLASH_ErasePage                          0x08004185   Thumb Code    72  stm32f10x_flash.o(.text)
    FLASH_EraseAllPages                      0x080041cd   Thumb Code    68  stm32f10x_flash.o(.text)
    FLASH_WaitForLastBank1Operation          0x08004211   Thumb Code    38  stm32f10x_flash.o(.text)
    FLASH_EraseAllBank1Pages                 0x08004237   Thumb Code    68  stm32f10x_flash.o(.text)
    FLASH_GetReadOutProtectionStatus         0x0800427b   Thumb Code    20  stm32f10x_flash.o(.text)
    FLASH_EraseOptionBytes                   0x0800428f   Thumb Code   150  stm32f10x_flash.o(.text)
    FLASH_ProgramWord                        0x08004325   Thumb Code   102  stm32f10x_flash.o(.text)
    FLASH_ProgramHalfWord                    0x0800438b   Thumb Code    60  stm32f10x_flash.o(.text)
    FLASH_ProgramOptionByteData              0x080043c7   Thumb Code    72  stm32f10x_flash.o(.text)
    FLASH_EnableWriteProtection              0x0800440f   Thumb Code   200  stm32f10x_flash.o(.text)
    FLASH_ReadOutProtection                  0x080044d7   Thumb Code   156  stm32f10x_flash.o(.text)
    FLASH_UserOptionByteConfig               0x08004573   Thumb Code    88  stm32f10x_flash.o(.text)
    FLASH_GetUserOptionByte                  0x080045cb   Thumb Code     8  stm32f10x_flash.o(.text)
    FLASH_GetWriteProtectionOptionByte       0x080045d3   Thumb Code     6  stm32f10x_flash.o(.text)
    FLASH_GetPrefetchBufferStatus            0x080045d9   Thumb Code    20  stm32f10x_flash.o(.text)
    FLASH_ITConfig                           0x080045ed   Thumb Code    26  stm32f10x_flash.o(.text)
    FLASH_GetFlagStatus                      0x08004607   Thumb Code    42  stm32f10x_flash.o(.text)
    FLASH_ClearFlag                          0x08004631   Thumb Code     6  stm32f10x_flash.o(.text)
    FLASH_GetStatus                          0x08004637   Thumb Code    48  stm32f10x_flash.o(.text)
    ADC_DeInit                               0x08004679   Thumb Code    78  stm32f10x_adc.o(.text)
    ADC_Init                                 0x080046c7   Thumb Code    70  stm32f10x_adc.o(.text)
    ADC_StructInit                           0x0800470d   Thumb Code    18  stm32f10x_adc.o(.text)
    ADC_Cmd                                  0x0800471f   Thumb Code    22  stm32f10x_adc.o(.text)
    ADC_DMACmd                               0x08004735   Thumb Code    22  stm32f10x_adc.o(.text)
    ADC_ITConfig                             0x0800474b   Thumb Code    24  stm32f10x_adc.o(.text)
    ADC_ResetCalibration                     0x08004763   Thumb Code    10  stm32f10x_adc.o(.text)
    ADC_GetResetCalibrationStatus            0x0800476d   Thumb Code    20  stm32f10x_adc.o(.text)
    ADC_StartCalibration                     0x08004781   Thumb Code    10  stm32f10x_adc.o(.text)
    ADC_GetCalibrationStatus                 0x0800478b   Thumb Code    20  stm32f10x_adc.o(.text)
    ADC_SoftwareStartConvCmd                 0x0800479f   Thumb Code    22  stm32f10x_adc.o(.text)
    ADC_GetSoftwareStartConvStatus           0x080047b5   Thumb Code    20  stm32f10x_adc.o(.text)
    ADC_DiscModeChannelCountConfig           0x080047c9   Thumb Code    24  stm32f10x_adc.o(.text)
    ADC_DiscModeCmd                          0x080047e1   Thumb Code    22  stm32f10x_adc.o(.text)
    ADC_RegularChannelConfig                 0x080047f7   Thumb Code   184  stm32f10x_adc.o(.text)
    ADC_ExternalTrigConvCmd                  0x080048af   Thumb Code    22  stm32f10x_adc.o(.text)
    ADC_GetConversionValue                   0x080048c5   Thumb Code     8  stm32f10x_adc.o(.text)
    ADC_GetDualModeConversionValue           0x080048cd   Thumb Code     8  stm32f10x_adc.o(.text)
    ADC_AutoInjectedConvCmd                  0x080048d5   Thumb Code    22  stm32f10x_adc.o(.text)
    ADC_InjectedDiscModeCmd                  0x080048eb   Thumb Code    22  stm32f10x_adc.o(.text)
    ADC_ExternalTrigInjectedConvConfig       0x08004901   Thumb Code    16  stm32f10x_adc.o(.text)
    ADC_ExternalTrigInjectedConvCmd          0x08004911   Thumb Code    22  stm32f10x_adc.o(.text)
    ADC_SoftwareStartInjectedConvCmd         0x08004927   Thumb Code    22  stm32f10x_adc.o(.text)
    ADC_GetSoftwareStartInjectedConvCmdStatus 0x0800493d   Thumb Code    20  stm32f10x_adc.o(.text)
    ADC_InjectedChannelConfig                0x08004951   Thumb Code   130  stm32f10x_adc.o(.text)
    ADC_InjectedSequencerLengthConfig        0x080049d3   Thumb Code    24  stm32f10x_adc.o(.text)
    ADC_SetInjectedOffset                    0x080049eb   Thumb Code    20  stm32f10x_adc.o(.text)
    ADC_GetInjectedConversionValue           0x080049ff   Thumb Code    28  stm32f10x_adc.o(.text)
    ADC_AnalogWatchdogCmd                    0x08004a1b   Thumb Code    16  stm32f10x_adc.o(.text)
    ADC_AnalogWatchdogThresholdsConfig       0x08004a2b   Thumb Code     6  stm32f10x_adc.o(.text)
    ADC_AnalogWatchdogSingleChannelConfig    0x08004a31   Thumb Code    16  stm32f10x_adc.o(.text)
    ADC_TempSensorVrefintCmd                 0x08004a41   Thumb Code    64  stm32f10x_adc.o(.text)
    ADC_GetFlagStatus                        0x08004a81   Thumb Code    18  stm32f10x_adc.o(.text)
    ADC_ClearFlag                            0x08004a93   Thumb Code     6  stm32f10x_adc.o(.text)
    ADC_GetITStatus                          0x08004a99   Thumb Code    36  stm32f10x_adc.o(.text)
    ADC_ClearITPendingBit                    0x08004abd   Thumb Code    10  stm32f10x_adc.o(.text)
    DMA_DeInit                               0x08004ac9   Thumb Code   324  stm32f10x_dma.o(.text)
    DMA_Init                                 0x08004c0d   Thumb Code    60  stm32f10x_dma.o(.text)
    DMA_StructInit                           0x08004c49   Thumb Code    26  stm32f10x_dma.o(.text)
    DMA_Cmd                                  0x08004c63   Thumb Code    24  stm32f10x_dma.o(.text)
    DMA_ITConfig                             0x08004c7b   Thumb Code    18  stm32f10x_dma.o(.text)
    DMA_SetCurrDataCounter                   0x08004c8d   Thumb Code     4  stm32f10x_dma.o(.text)
    DMA_GetCurrDataCounter                   0x08004c91   Thumb Code     8  stm32f10x_dma.o(.text)
    DMA_GetFlagStatus                        0x08004c99   Thumb Code    40  stm32f10x_dma.o(.text)
    DMA_ClearFlag                            0x08004cc1   Thumb Code    22  stm32f10x_dma.o(.text)
    DMA_GetITStatus                          0x08004cd7   Thumb Code    40  stm32f10x_dma.o(.text)
    DMA_ClearITPendingBit                    0x08004cff   Thumb Code    22  stm32f10x_dma.o(.text)
    TIM_DeInit                               0x08004d1d   Thumb Code   424  stm32f10x_tim.o(.text)
    TIM_TimeBaseInit                         0x08004ec5   Thumb Code   122  stm32f10x_tim.o(.text)
    TIM_OC1Init                              0x08004f3f   Thumb Code   132  stm32f10x_tim.o(.text)
    TIM_OC2Init                              0x08004fc3   Thumb Code   154  stm32f10x_tim.o(.text)
    TIM_OC3Init                              0x0800505d   Thumb Code   150  stm32f10x_tim.o(.text)
    TIM_OC4Init                              0x080050f3   Thumb Code   182  stm32f10x_tim.o(.text)
    TIM_SetIC4Prescaler                      0x080051a9   Thumb Code    26  stm32f10x_tim.o(.text)
    TIM_SetIC3Prescaler                      0x08005245   Thumb Code    18  stm32f10x_tim.o(.text)
    TIM_SetIC2Prescaler                      0x080052d1   Thumb Code    26  stm32f10x_tim.o(.text)
    TIM_SetIC1Prescaler                      0x0800536d   Thumb Code    18  stm32f10x_tim.o(.text)
    TIM_ICInit                               0x080053eb   Thumb Code   150  stm32f10x_tim.o(.text)
    TIM_PWMIConfig                           0x08005481   Thumb Code   124  stm32f10x_tim.o(.text)
    TIM_BDTRConfig                           0x080054fd   Thumb Code    32  stm32f10x_tim.o(.text)
    TIM_TimeBaseStructInit                   0x0800551d   Thumb Code    18  stm32f10x_tim.o(.text)
    TIM_OCStructInit                         0x0800552f   Thumb Code    20  stm32f10x_tim.o(.text)
    TIM_ICStructInit                         0x08005543   Thumb Code    18  stm32f10x_tim.o(.text)
    TIM_BDTRStructInit                       0x08005555   Thumb Code    40  stm32f10x_tim.o(.text)
    TIM_Cmd                                  0x0800557d   Thumb Code    24  stm32f10x_tim.o(.text)
    TIM_CtrlPWMOutputs                       0x08005595   Thumb Code    30  stm32f10x_tim.o(.text)
    TIM_ITConfig                             0x080055b3   Thumb Code    18  stm32f10x_tim.o(.text)
    TIM_GenerateEvent                        0x080055c5   Thumb Code     4  stm32f10x_tim.o(.text)
    TIM_DMAConfig                            0x080055c9   Thumb Code    10  stm32f10x_tim.o(.text)
    TIM_DMACmd                               0x080055d3   Thumb Code    18  stm32f10x_tim.o(.text)
    TIM_InternalClockConfig                  0x080055e5   Thumb Code    12  stm32f10x_tim.o(.text)
    TIM_SelectInputTrigger                   0x080055f1   Thumb Code    18  stm32f10x_tim.o(.text)
    TIM_ITRxExternalClockConfig              0x08005603   Thumb Code    24  stm32f10x_tim.o(.text)
    TIM_TIxExternalClockConfig               0x0800561b   Thumb Code    62  stm32f10x_tim.o(.text)
    TIM_ETRConfig                            0x08005659   Thumb Code    28  stm32f10x_tim.o(.text)
    TIM_ETRClockMode1Config                  0x08005675   Thumb Code    54  stm32f10x_tim.o(.text)
    TIM_ETRClockMode2Config                  0x080056ab   Thumb Code    32  stm32f10x_tim.o(.text)
    TIM_PrescalerConfig                      0x080056cb   Thumb Code     6  stm32f10x_tim.o(.text)
    TIM_CounterModeConfig                    0x080056d1   Thumb Code    18  stm32f10x_tim.o(.text)
    TIM_EncoderInterfaceConfig               0x080056e3   Thumb Code    66  stm32f10x_tim.o(.text)
    TIM_ForcedOC1Config                      0x08005725   Thumb Code    18  stm32f10x_tim.o(.text)
    TIM_ForcedOC2Config                      0x08005737   Thumb Code    26  stm32f10x_tim.o(.text)
    TIM_ForcedOC3Config                      0x08005751   Thumb Code    18  stm32f10x_tim.o(.text)
    TIM_ForcedOC4Config                      0x08005763   Thumb Code    26  stm32f10x_tim.o(.text)
    TIM_ARRPreloadConfig                     0x0800577d   Thumb Code    24  stm32f10x_tim.o(.text)
    TIM_SelectCOM                            0x08005795   Thumb Code    24  stm32f10x_tim.o(.text)
    TIM_SelectCCDMA                          0x080057ad   Thumb Code    24  stm32f10x_tim.o(.text)
    TIM_CCPreloadControl                     0x080057c5   Thumb Code    24  stm32f10x_tim.o(.text)
    TIM_OC1PreloadConfig                     0x080057dd   Thumb Code    18  stm32f10x_tim.o(.text)
    TIM_OC2PreloadConfig                     0x080057ef   Thumb Code    26  stm32f10x_tim.o(.text)
    TIM_OC3PreloadConfig                     0x08005809   Thumb Code    18  stm32f10x_tim.o(.text)
    TIM_OC4PreloadConfig                     0x0800581b   Thumb Code    26  stm32f10x_tim.o(.text)
    TIM_OC1FastConfig                        0x08005835   Thumb Code    18  stm32f10x_tim.o(.text)
    TIM_OC2FastConfig                        0x08005847   Thumb Code    26  stm32f10x_tim.o(.text)
    TIM_OC3FastConfig                        0x08005861   Thumb Code    18  stm32f10x_tim.o(.text)
    TIM_OC4FastConfig                        0x08005873   Thumb Code    26  stm32f10x_tim.o(.text)
    TIM_ClearOC1Ref                          0x0800588d   Thumb Code    18  stm32f10x_tim.o(.text)
    TIM_ClearOC2Ref                          0x0800589f   Thumb Code    24  stm32f10x_tim.o(.text)
    TIM_ClearOC3Ref                          0x080058b7   Thumb Code    18  stm32f10x_tim.o(.text)
    TIM_ClearOC4Ref                          0x080058c9   Thumb Code    24  stm32f10x_tim.o(.text)
    TIM_OC1PolarityConfig                    0x080058e1   Thumb Code    18  stm32f10x_tim.o(.text)
    TIM_OC1NPolarityConfig                   0x080058f3   Thumb Code    18  stm32f10x_tim.o(.text)
    TIM_OC2PolarityConfig                    0x08005905   Thumb Code    26  stm32f10x_tim.o(.text)
    TIM_OC2NPolarityConfig                   0x0800591f   Thumb Code    26  stm32f10x_tim.o(.text)
    TIM_OC3PolarityConfig                    0x08005939   Thumb Code    26  stm32f10x_tim.o(.text)
    TIM_OC3NPolarityConfig                   0x08005953   Thumb Code    26  stm32f10x_tim.o(.text)
    TIM_OC4PolarityConfig                    0x0800596d   Thumb Code    26  stm32f10x_tim.o(.text)
    TIM_CCxCmd                               0x08005987   Thumb Code    30  stm32f10x_tim.o(.text)
    TIM_CCxNCmd                              0x080059a5   Thumb Code    30  stm32f10x_tim.o(.text)
    TIM_SelectOCxM                           0x080059c3   Thumb Code    82  stm32f10x_tim.o(.text)
    TIM_UpdateDisableConfig                  0x08005a15   Thumb Code    24  stm32f10x_tim.o(.text)
    TIM_UpdateRequestConfig                  0x08005a2d   Thumb Code    24  stm32f10x_tim.o(.text)
    TIM_SelectHallSensor                     0x08005a45   Thumb Code    24  stm32f10x_tim.o(.text)
    TIM_SelectOnePulseMode                   0x08005a5d   Thumb Code    18  stm32f10x_tim.o(.text)
    TIM_SelectOutputTrigger                  0x08005a6f   Thumb Code    18  stm32f10x_tim.o(.text)
    TIM_SelectSlaveMode                      0x08005a81   Thumb Code    18  stm32f10x_tim.o(.text)
    TIM_SelectMasterSlaveMode                0x08005a93   Thumb Code    18  stm32f10x_tim.o(.text)
    TIM_SetCounter                           0x08005aa5   Thumb Code     4  stm32f10x_tim.o(.text)
    TIM_SetAutoreload                        0x08005aa9   Thumb Code     4  stm32f10x_tim.o(.text)
    TIM_SetCompare1                          0x08005aad   Thumb Code     4  stm32f10x_tim.o(.text)
    TIM_SetCompare2                          0x08005ab1   Thumb Code     4  stm32f10x_tim.o(.text)
    TIM_SetCompare3                          0x08005ab5   Thumb Code     4  stm32f10x_tim.o(.text)
    TIM_SetCompare4                          0x08005ab9   Thumb Code     6  stm32f10x_tim.o(.text)
    TIM_SetClockDivision                     0x08005abf   Thumb Code    18  stm32f10x_tim.o(.text)
    TIM_GetCapture1                          0x08005ad1   Thumb Code     6  stm32f10x_tim.o(.text)
    TIM_GetCapture2                          0x08005ad7   Thumb Code     6  stm32f10x_tim.o(.text)
    TIM_GetCapture3                          0x08005add   Thumb Code     6  stm32f10x_tim.o(.text)
    TIM_GetCapture4                          0x08005ae3   Thumb Code     8  stm32f10x_tim.o(.text)
    TIM_GetCounter                           0x08005aeb   Thumb Code     6  stm32f10x_tim.o(.text)
    TIM_GetPrescaler                         0x08005af1   Thumb Code     6  stm32f10x_tim.o(.text)
    TIM_GetFlagStatus                        0x08005af7   Thumb Code    18  stm32f10x_tim.o(.text)
    TIM_ClearFlag                            0x08005b09   Thumb Code     6  stm32f10x_tim.o(.text)
    TIM_GetITStatus                          0x08005b0f   Thumb Code    34  stm32f10x_tim.o(.text)
    TIM_ClearITPendingBit                    0x08005b31   Thumb Code     6  stm32f10x_tim.o(.text)
    __aeabi_memcpy                           0x08005b37   Thumb Code    36  memcpya.o(.text)
    __aeabi_memcpy4                          0x08005b37   Thumb Code     0  memcpya.o(.text)
    __aeabi_memcpy8                          0x08005b37   Thumb Code     0  memcpya.o(.text)
    __aeabi_memset                           0x08005b5b   Thumb Code    14  memseta.o(.text)
    __aeabi_memset4                          0x08005b5b   Thumb Code     0  memseta.o(.text)
    __aeabi_memset8                          0x08005b5b   Thumb Code     0  memseta.o(.text)
    __aeabi_memclr                           0x08005b69   Thumb Code     4  memseta.o(.text)
    __aeabi_memclr4                          0x08005b69   Thumb Code     0  memseta.o(.text)
    __aeabi_memclr8                          0x08005b69   Thumb Code     0  memseta.o(.text)
    _memset$wrapper                          0x08005b6d   Thumb Code    18  memseta.o(.text)
    strlen                                   0x08005b7f   Thumb Code    14  strlen.o(.text)
    __aeabi_fadd                             0x08005b8d   Thumb Code   164  fadd.o(.text)
    __aeabi_fsub                             0x08005c31   Thumb Code     6  fadd.o(.text)
    __aeabi_frsub                            0x08005c37   Thumb Code     6  fadd.o(.text)
    __aeabi_fmul                             0x08005c3d   Thumb Code   100  fmul.o(.text)
    __aeabi_fdiv                             0x08005ca1   Thumb Code   124  fdiv.o(.text)
    __aeabi_dadd                             0x08005d1d   Thumb Code   322  dadd.o(.text)
    __aeabi_dsub                             0x08005e5f   Thumb Code     6  dadd.o(.text)
    __aeabi_drsub                            0x08005e65   Thumb Code     6  dadd.o(.text)
    __aeabi_dmul                             0x08005e6b   Thumb Code   228  dmul.o(.text)
    __aeabi_ddiv                             0x08005f4f   Thumb Code   222  ddiv.o(.text)
    __aeabi_i2f                              0x0800602d   Thumb Code    18  fflti.o(.text)
    __aeabi_ui2f                             0x0800603f   Thumb Code    10  ffltui.o(.text)
    __aeabi_i2d                              0x08006049   Thumb Code    34  dflti.o(.text)
    __aeabi_ui2d                             0x0800606b   Thumb Code    26  dfltui.o(.text)
    __aeabi_f2iz                             0x08006085   Thumb Code    50  ffixi.o(.text)
    __aeabi_f2uiz                            0x080060b7   Thumb Code    40  ffixui.o(.text)
    __aeabi_d2iz                             0x080060df   Thumb Code    62  dfixi.o(.text)
    __aeabi_d2uiz                            0x0800611d   Thumb Code    50  dfixui.o(.text)
    __aeabi_f2d                              0x0800614f   Thumb Code    38  f2d.o(.text)
    __aeabi_d2f                              0x08006175   Thumb Code    56  d2f.o(.text)
    __aeabi_cfcmpeq                          0x080061ad   Thumb Code     0  cfcmple.o(.text)
    __aeabi_cfcmple                          0x080061ad   Thumb Code    20  cfcmple.o(.text)
    __aeabi_cfrcmple                         0x080061c1   Thumb Code    20  cfrcmple.o(.text)
    __aeabi_uidiv                            0x080061d5   Thumb Code     0  uidiv.o(.text)
    __aeabi_uidivmod                         0x080061d5   Thumb Code    44  uidiv.o(.text)
    __aeabi_uldivmod                         0x08006201   Thumb Code    98  uldiv.o(.text)
    __aeabi_llsl                             0x08006263   Thumb Code    30  llshl.o(.text)
    _ll_shift_l                              0x08006263   Thumb Code     0  llshl.o(.text)
    __aeabi_llsr                             0x08006281   Thumb Code    32  llushr.o(.text)
    _ll_ushift_r                             0x08006281   Thumb Code     0  llushr.o(.text)
    __aeabi_lasr                             0x080062a1   Thumb Code    36  llsshr.o(.text)
    _ll_sshift_r                             0x080062a1   Thumb Code     0  llsshr.o(.text)
    __I$use$fp                               0x080062c5   Thumb Code     0  iusefp.o(.text)
    _float_round                             0x080062c5   Thumb Code    18  fepilogue.o(.text)
    _float_epilogue                          0x080062d7   Thumb Code    92  fepilogue.o(.text)
    _double_round                            0x08006333   Thumb Code    30  depilogue.o(.text)
    _double_epilogue                         0x08006351   Thumb Code   156  depilogue.o(.text)
    __aeabi_d2ulz                            0x080063ed   Thumb Code    48  dfixul.o(.text)
    __aeabi_cdrcmple                         0x0800641d   Thumb Code    48  cdrcmple.o(.text)
    __scatterload                            0x0800644d   Thumb Code    28  init.o(.text)
    __scatterload_rt2                        0x0800644d   Thumb Code     0  init.o(.text)
    __decompress                             0x08006471   Thumb Code     0  __dczerorl2.o(.text)
    __decompress1                            0x08006471   Thumb Code    86  __dczerorl2.o(.text)
    __0printf                                0x080064c9   Thumb Code    22  printfa.o(i.__0printf)
    __1printf                                0x080064c9   Thumb Code     0  printfa.o(i.__0printf)
    __2printf                                0x080064c9   Thumb Code     0  printfa.o(i.__0printf)
    __c89printf                              0x080064c9   Thumb Code     0  printfa.o(i.__0printf)
    printf                                   0x080064c9   Thumb Code     0  printfa.o(i.__0printf)
    __0sprintf                               0x080064e9   Thumb Code    34  printfa.o(i.__0sprintf)
    __1sprintf                               0x080064e9   Thumb Code     0  printfa.o(i.__0sprintf)
    __2sprintf                               0x080064e9   Thumb Code     0  printfa.o(i.__0sprintf)
    __c89sprintf                             0x080064e9   Thumb Code     0  printfa.o(i.__0sprintf)
    sprintf                                  0x080064e9   Thumb Code     0  printfa.o(i.__0sprintf)
    __0vsprintf                              0x08006511   Thumb Code    30  printfa.o(i.__0vsprintf)
    __1vsprintf                              0x08006511   Thumb Code     0  printfa.o(i.__0vsprintf)
    __2vsprintf                              0x08006511   Thumb Code     0  printfa.o(i.__0vsprintf)
    __c89vsprintf                            0x08006511   Thumb Code     0  printfa.o(i.__0vsprintf)
    vsprintf                                 0x08006511   Thumb Code     0  printfa.o(i.__0vsprintf)
    __scatterload_copy                       0x08006535   Thumb Code    14  handlers.o(i.__scatterload_copy)
    __scatterload_null                       0x08006543   Thumb Code     2  handlers.o(i.__scatterload_null)
    __scatterload_zeroinit                   0x08006545   Thumb Code    14  handlers.o(i.__scatterload_zeroinit)
    CrcHighBlock                             0x08006e20   Data         256  modbus.o(.constdata)
    CrcLowBlock                              0x08006f20   Data         256  modbus.o(.constdata)
    Array                                    0x08007020   Data           4  device_lcd.o(.constdata)
    Region$$Table$$Base                      0x080070ac   Number         0  anon$$obj.o(Region$$Table)
    Region$$Table$$Limit                     0x080070cc   Number         0  anon$$obj.o(Region$$Table)
    Empty                                    0x20000008   Data           4  system.o(.data)
    CriticalNesting                          0x2000000c   Data           2  system.o(.data)
    RomBase                                  0x20000010   Data           4  system.o(.data)
    RamBase                                  0x20000014   Data           4  system.o(.data)
    AppDataPointer                           0x20000018   Data           4  system.o(.data)
    AppMenuPointer                           0x2000001c   Data           4  system.o(.data)
    System                                   0x20000020   Data         160  system.o(.data)
    CurrentTaskPointer                       0x200000c0   Data           4  os.o(.data)
    NextTaskPointer                          0x200000c4   Data           4  os.o(.data)
    SystemCoreClock                          0x20000198   Data           4  system_stm32f10x.o(.data)
    AHBPrescTable                            0x2000019c   Data          16  system_stm32f10x.o(.data)
    __stdout                                 0x200001c0   Data           4  stdout.o(.data)
    App                                      0x200001c4   Data         240  app.o(.bss)
    Pid                                      0x200011d0   Data          60  pid.o(.bss)
    __initial_sp                             0x20001cb8   Data           0  startup_stm32f10x_md.o(STACK)



==============================================================================

Memory Map of the image

  Image Entry point : 0x080000ed

  Load Region LR_IROM1 (Base: 0x08000000, Size: 0x00007290, Max: 0x00010000, ABSOLUTE, COMPRESSED[0x00007120])

    Execution Region ER_IROM1 (Exec base: 0x08000000, Load base: 0x08000000, Size: 0x000070cc, Max: 0x00010000, ABSOLUTE)

    Exec Addr    Load Addr    Size         Type   Attr      Idx    E Section Name        Object

    0x08000000   0x08000000   0x000000ec   Data   RO          511    RESET               startup_stm32f10x_md.o
    0x080000ec   0x080000ec   0x00000000   Code   RO          669  * .ARM.Collect$$$$00000000  mc_w.l(entry.o)
    0x080000ec   0x080000ec   0x00000004   Code   RO          977    .ARM.Collect$$$$00000001  mc_w.l(entry2.o)
    0x080000f0   0x080000f0   0x00000004   Code   RO          980    .ARM.Collect$$$$00000004  mc_w.l(entry5.o)
    0x080000f4   0x080000f4   0x00000000   Code   RO          982    .ARM.Collect$$$$00000008  mc_w.l(entry7b.o)
    0x080000f4   0x080000f4   0x00000000   Code   RO          984    .ARM.Collect$$$$0000000A  mc_w.l(entry8b.o)
    0x080000f4   0x080000f4   0x00000008   Code   RO          985    .ARM.Collect$$$$0000000B  mc_w.l(entry9a.o)
    0x080000fc   0x080000fc   0x00000000   Code   RO          987    .ARM.Collect$$$$0000000D  mc_w.l(entry10a.o)
    0x080000fc   0x080000fc   0x00000000   Code   RO          989    .ARM.Collect$$$$0000000F  mc_w.l(entry11a.o)
    0x080000fc   0x080000fc   0x00000004   Code   RO          978    .ARM.Collect$$$$00002712  mc_w.l(entry2.o)
    0x08000100   0x08000100   0x0000003a   Code   RO          127    .emb_text           os.o
    0x0800013a   0x0800013a   0x00000002   PAD
    0x0800013c   0x0800013c   0x00000108   Code   RO            1    .text               app.o
    0x08000244   0x08000244   0x000002a4   Code   RO           58    .text               logic.o
    0x080004e8   0x080004e8   0x0000014c   Code   RO           76    .text               menu.o
    0x08000634   0x08000634   0x000000c8   Code   RO           91    .text               system.o
    0x080006fc   0x080006fc   0x00000310   Code   RO          128    .text               os.o
    0x08000a0c   0x08000a0c   0x00000954   Code   RO          148    .text               gui.o
    0x08001360   0x08001360   0x000001ac   Code   RO          170    .text               pid.o
    0x0800150c   0x0800150c   0x00000048   Code   RO          188    .text               modbus.o
    0x08001554   0x08001554   0x00000540   Code   RO          206    .text               modbus_slave.o
    0x08001a94   0x08001a94   0x00000074   Code   RO          221    .text               device.o
    0x08001b08   0x08001b08   0x00000298   Code   RO          277    .text               device_adc.o
    0x08001da0   0x08001da0   0x000000a4   Code   RO          296    .text               device_di.o
    0x08001e44   0x08001e44   0x000003d8   Code   RO          308    .text               device_do.o
    0x0800221c   0x0800221c   0x00000334   Code   RO          320    .text               device_key.o
    0x08002550   0x08002550   0x000001a4   Code   RO          334    .text               device_lcd.o
    0x080026f4   0x080026f4   0x000000b4   Code   RO          349    .text               device_rtc.o
    0x080027a8   0x080027a8   0x000000e4   Code   RO          362    .text               device_timer.o
    0x0800288c   0x0800288c   0x00000470   Code   RO          377    .text               device_storage.o
    0x08002cfc   0x08002cfc   0x000001c4   Code   RO          392    .text               device_systick.o
    0x08002ec0   0x08002ec0   0x00000264   Code   RO          410    .text               device_usart1.o
    0x08003124   0x08003124   0x00000168   Code   RO          424    .text               device_usart2.o
    0x0800328c   0x0800328c   0x00000048   Code   RO          438    .text               device_misc.o
    0x080032d4   0x080032d4   0x000001e0   Code   RO          460    .text               system_stm32f10x.o
    0x080034b4   0x080034b4   0x00000024   Code   RO          512    .text               startup_stm32f10x_md.o
    0x080034d8   0x080034d8   0x00000408   Code   RO          516    .text               stm32f10x_usart.o
    0x080038e0   0x080038e0   0x000000dc   Code   RO          559    .text               misc.o
    0x080039bc   0x080039bc   0x0000035c   Code   RO          577    .text               stm32f10x_gpio.o
    0x08003d18   0x08003d18   0x000003a4   Code   RO          592    .text               stm32f10x_rcc.o
    0x080040bc   0x080040bc   0x000005bc   Code   RO          609    .text               stm32f10x_flash.o
    0x08004678   0x08004678   0x0000044e   Code   RO          624    .text               stm32f10x_adc.o
    0x08004ac6   0x08004ac6   0x00000002   PAD
    0x08004ac8   0x08004ac8   0x00000254   Code   RO          639    .text               stm32f10x_dma.o
    0x08004d1c   0x08004d1c   0x00000e1a   Code   RO          654    .text               stm32f10x_tim.o
    0x08005b36   0x08005b36   0x00000024   Code   RO          672    .text               mc_w.l(memcpya.o)
    0x08005b5a   0x08005b5a   0x00000024   Code   RO          674    .text               mc_w.l(memseta.o)
    0x08005b7e   0x08005b7e   0x0000000e   Code   RO          676    .text               mc_w.l(strlen.o)
    0x08005b8c   0x08005b8c   0x000000b0   Code   RO          941    .text               mf_w.l(fadd.o)
    0x08005c3c   0x08005c3c   0x00000064   Code   RO          943    .text               mf_w.l(fmul.o)
    0x08005ca0   0x08005ca0   0x0000007c   Code   RO          945    .text               mf_w.l(fdiv.o)
    0x08005d1c   0x08005d1c   0x0000014e   Code   RO          947    .text               mf_w.l(dadd.o)
    0x08005e6a   0x08005e6a   0x000000e4   Code   RO          949    .text               mf_w.l(dmul.o)
    0x08005f4e   0x08005f4e   0x000000de   Code   RO          951    .text               mf_w.l(ddiv.o)
    0x0800602c   0x0800602c   0x00000012   Code   RO          953    .text               mf_w.l(fflti.o)
    0x0800603e   0x0800603e   0x0000000a   Code   RO          955    .text               mf_w.l(ffltui.o)
    0x08006048   0x08006048   0x00000022   Code   RO          957    .text               mf_w.l(dflti.o)
    0x0800606a   0x0800606a   0x0000001a   Code   RO          959    .text               mf_w.l(dfltui.o)
    0x08006084   0x08006084   0x00000032   Code   RO          961    .text               mf_w.l(ffixi.o)
    0x080060b6   0x080060b6   0x00000028   Code   RO          963    .text               mf_w.l(ffixui.o)
    0x080060de   0x080060de   0x0000003e   Code   RO          965    .text               mf_w.l(dfixi.o)
    0x0800611c   0x0800611c   0x00000032   Code   RO          967    .text               mf_w.l(dfixui.o)
    0x0800614e   0x0800614e   0x00000026   Code   RO          969    .text               mf_w.l(f2d.o)
    0x08006174   0x08006174   0x00000038   Code   RO          971    .text               mf_w.l(d2f.o)
    0x080061ac   0x080061ac   0x00000014   Code   RO          973    .text               mf_w.l(cfcmple.o)
    0x080061c0   0x080061c0   0x00000014   Code   RO          975    .text               mf_w.l(cfrcmple.o)
    0x080061d4   0x080061d4   0x0000002c   Code   RO          992    .text               mc_w.l(uidiv.o)
    0x08006200   0x08006200   0x00000062   Code   RO          994    .text               mc_w.l(uldiv.o)
    0x08006262   0x08006262   0x0000001e   Code   RO          996    .text               mc_w.l(llshl.o)
    0x08006280   0x08006280   0x00000020   Code   RO          998    .text               mc_w.l(llushr.o)
    0x080062a0   0x080062a0   0x00000024   Code   RO         1000    .text               mc_w.l(llsshr.o)
    0x080062c4   0x080062c4   0x00000000   Code   RO         1002    .text               mc_w.l(iusefp.o)
    0x080062c4   0x080062c4   0x0000006e   Code   RO         1003    .text               mf_w.l(fepilogue.o)
    0x08006332   0x08006332   0x000000ba   Code   RO         1005    .text               mf_w.l(depilogue.o)
    0x080063ec   0x080063ec   0x00000030   Code   RO         1007    .text               mf_w.l(dfixul.o)
    0x0800641c   0x0800641c   0x00000030   Code   RO         1009    .text               mf_w.l(cdrcmple.o)
    0x0800644c   0x0800644c   0x00000024   Code   RO         1011    .text               mc_w.l(init.o)
    0x08006470   0x08006470   0x00000056   Code   RO         1021    .text               mc_w.l(__dczerorl2.o)
    0x080064c6   0x080064c6   0x00000002   PAD
    0x080064c8   0x080064c8   0x00000020   Code   RO          913    i.__0printf         mc_w.l(printfa.o)
    0x080064e8   0x080064e8   0x00000028   Code   RO          915    i.__0sprintf        mc_w.l(printfa.o)
    0x08006510   0x08006510   0x00000024   Code   RO          919    i.__0vsprintf       mc_w.l(printfa.o)
    0x08006534   0x08006534   0x0000000e   Code   RO         1015    i.__scatterload_copy  mc_w.l(handlers.o)
    0x08006542   0x08006542   0x00000002   Code   RO         1016    i.__scatterload_null  mc_w.l(handlers.o)
    0x08006544   0x08006544   0x0000000e   Code   RO         1017    i.__scatterload_zeroinit  mc_w.l(handlers.o)
    0x08006552   0x08006552   0x00000002   PAD
    0x08006554   0x08006554   0x00000184   Code   RO          920    i._fp_digits        mc_w.l(printfa.o)
    0x080066d8   0x080066d8   0x000006dc   Code   RO          921    i._printf_core      mc_w.l(printfa.o)
    0x08006db4   0x08006db4   0x00000024   Code   RO          922    i._printf_post_padding  mc_w.l(printfa.o)
    0x08006dd8   0x08006dd8   0x0000002e   Code   RO          923    i._printf_pre_padding  mc_w.l(printfa.o)
    0x08006e06   0x08006e06   0x0000000a   Code   RO          925    i._sputc            mc_w.l(printfa.o)
    0x08006e10   0x08006e10   0x00000010   Data   RO           92    .constdata          system.o
    0x08006e20   0x08006e20   0x00000200   Data   RO          189    .constdata          modbus.o
    0x08007020   0x08007020   0x00000004   Data   RO          335    .constdata          device_lcd.o
    0x08007024   0x08007024   0x00000085   Data   RO           78    .conststring        menu.o
    0x080070a9   0x080070a9   0x00000003   PAD
    0x080070ac   0x080070ac   0x00000020   Data   RO         1013    Region$$Table       anon$$obj.o


    Execution Region RW_IRAM1 (Exec base: 0x20000000, Load base: 0x080070cc, Size: 0x00001cb8, Max: 0x00005000, ABSOLUTE, COMPRESSED[0x00000054])

    Exec Addr    Load Addr    Size         Type   Attr      Idx    E Section Name        Object

    0x20000000   COMPRESSED   0x00000001   Data   RW           59    .data               logic.o
    0x20000001   COMPRESSED   0x00000003   PAD
    0x20000004   COMPRESSED   0x00000004   Data   RW           79    .data               menu.o
    0x20000008   COMPRESSED   0x000000b8   Data   RW           93    .data               system.o
    0x200000c0   COMPRESSED   0x00000008   Data   RW          130    .data               os.o
    0x200000c8   COMPRESSED   0x00000005   Data   RW          150    .data               gui.o
    0x200000cd   COMPRESSED   0x00000003   PAD
    0x200000d0   COMPRESSED   0x0000004e   Data   RW          208    .data               modbus_slave.o
    0x2000011e   COMPRESSED   0x0000000a   Data   RW          279    .data               device_adc.o
    0x20000128   COMPRESSED   0x00000010   Data   RW          321    .data               device_key.o
    0x20000138   COMPRESSED   0x00000001   Data   RW          350    .data               device_rtc.o
    0x20000139   COMPRESSED   0x00000003   PAD
    0x2000013c   COMPRESSED   0x00000008   Data   RW          364    .data               device_timer.o
    0x20000144   COMPRESSED   0x0000000c   Data   RW          379    .data               device_storage.o
    0x20000150   COMPRESSED   0x00000044   Data   RW          393    .data               device_systick.o
    0x20000194   COMPRESSED   0x00000004   Data   RW          425    .data               device_usart2.o
    0x20000198   COMPRESSED   0x00000014   Data   RW          461    .data               system_stm32f10x.o
    0x200001ac   COMPRESSED   0x00000014   Data   RW          593    .data               stm32f10x_rcc.o
    0x200001c0   COMPRESSED   0x00000004   Data   RW          991    .data               mc_w.l(stdout.o)
    0x200001c4        -       0x000000f0   Zero   RW            2    .bss                app.o
    0x200002b4        -       0x000000ac   Zero   RW           77    .bss                menu.o
    0x20000360        -       0x00000d50   Zero   RW          129    .bss                os.o
    0x200010b0        -       0x00000120   Zero   RW          149    .bss                gui.o
    0x200011d0        -       0x0000003c   Zero   RW          171    .bss                pid.o
    0x2000120c        -       0x00000200   Zero   RW          207    .bss                modbus_slave.o
    0x2000140c        -       0x00000064   Zero   RW          278    .bss                device_adc.o
    0x20001470        -       0x00000040   Zero   RW          363    .bss                device_timer.o
    0x200014b0        -       0x0000000c   Zero   RW          378    .bss                device_storage.o
    0x200014bc        -       0x000003fc   Zero   RW          411    .bss                device_usart1.o
    0x200018b8        -       0x00000400   Zero   RW          509    STACK               startup_stm32f10x_md.o


==============================================================================

Image component sizes


      Code (inc. data)   RO Data    RW Data    ZI Data      Debug   Object Name

       264         40          0          0        240      12438   app.o
       116          8          0          0          0     261641   device.o
       664         64          0         10        100       2165   device_adc.o
       164         12          0          0          0        691   device_di.o
       984         68          0          0          0       2119   device_do.o
       820         60          0         16          0       1840   device_key.o
       420         24          4          0          0       2026   device_lcd.o
        72         16          0          0          0        635   device_misc.o
       180          8          0          1          0        539   device_rtc.o
      1136        248          0         12         12       3870   device_storage.o
       452         62          0         68          0      17389   device_systick.o
       228         28          0          8         64       1848   device_timer.o
       612         40          0          0       1020       2834   device_usart1.o
       360         30          0          4          0       2087   device_usart2.o
      2388        148          0          5        288       7102   gui.o
       676         62          0          1          0       2130   logic.o
       332         40        133          4        172       1049   menu.o
       220         22          0          0          0       3637   misc.o
        72         10        512          0          0       1418   modbus.o
      1344         70          0         78        512       4642   modbus_slave.o
       842         80          0          8       3408       3922   os.o
       428         54          0          0         60       1446   pid.o
        36          8        236          0       1024        864   startup_stm32f10x_md.o
      1102         26          0          0          0      20241   stm32f10x_adc.o
       596          8          0          0          0      14358   stm32f10x_dma.o
      1468         34          0          0          0      14710   stm32f10x_flash.o
       860         38          0          0          0      14253   stm32f10x_gpio.o
       932         36          0         20          0      17820   stm32f10x_rcc.o
      3610         88          0          0          0      43348   stm32f10x_tim.o
      1032         22          0          0          0     225192   stm32f10x_usart.o
       200         40         16        184          0      10150   system.o
       480         38          0         20          0       1947   system_stm32f10x.o

    ----------------------------------------------------------------------
     23094       1532        936        448       6900     700351   Object Totals
         0          0         32          0          0          0   (incl. Generated)
         4          0          3          9          0          0   (incl. Padding)

    ----------------------------------------------------------------------

      Code (inc. data)   RO Data    RW Data    ZI Data      Debug   Library Member Name

        86          0          0          0          0          0   __dczerorl2.o
         0          0          0          0          0          0   entry.o
         0          0          0          0          0          0   entry10a.o
         0          0          0          0          0          0   entry11a.o
         8          4          0          0          0          0   entry2.o
         4          0          0          0          0          0   entry5.o
         0          0          0          0          0          0   entry7b.o
         0          0          0          0          0          0   entry8b.o
         8          4          0          0          0          0   entry9a.o
        30          0          0          0          0          0   handlers.o
        36          8          0          0          0         68   init.o
         0          0          0          0          0          0   iusefp.o
        30          0          0          0          0         68   llshl.o
        36          0          0          0          0         68   llsshr.o
        32          0          0          0          0         68   llushr.o
        36          0          0          0          0         68   memcpya.o
        36          0          0          0          0        108   memseta.o
      2344        102          0          0          0        684   printfa.o
         0          0          0          4          0          0   stdout.o
        14          0          0          0          0         68   strlen.o
        44          0          0          0          0         80   uidiv.o
        98          0          0          0          0         92   uldiv.o
        48          0          0          0          0         68   cdrcmple.o
        20          0          0          0          0         68   cfcmple.o
        20          0          0          0          0         68   cfrcmple.o
        56          0          0          0          0         88   d2f.o
       334          0          0          0          0        148   dadd.o
       222          0          0          0          0        100   ddiv.o
       186          0          0          0          0        176   depilogue.o
        62          0          0          0          0         80   dfixi.o
        50          0          0          0          0         76   dfixui.o
        48          0          0          0          0         68   dfixul.o
        34          0          0          0          0         76   dflti.o
        26          0          0          0          0         76   dfltui.o
       228          0          0          0          0         96   dmul.o
        38          0          0          0          0         68   f2d.o
       176          0          0          0          0        140   fadd.o
       124          0          0          0          0         88   fdiv.o
       110          0          0          0          0        168   fepilogue.o
        50          0          0          0          0         68   ffixi.o
        40          0          0          0          0         68   ffixui.o
        18          0          0          0          0         68   fflti.o
        10          0          0          0          0         68   ffltui.o
       100          0          0          0          0         76   fmul.o

    ----------------------------------------------------------------------
      4846        118          0          4          0       3372   Library Totals
         4          0          0          0          0          0   (incl. Padding)

    ----------------------------------------------------------------------

      Code (inc. data)   RO Data    RW Data    ZI Data      Debug   Library Name

      2842        118          0          4          0       1372   mc_w.l
      2000          0          0          0          0       2000   mf_w.l

    ----------------------------------------------------------------------
      4846        118          0          4          0       3372   Library Totals

    ----------------------------------------------------------------------

==============================================================================


      Code (inc. data)   RO Data    RW Data    ZI Data      Debug   

     27940       1650        936        452       6900     699327   Grand Totals
     27940       1650        936         84       6900     699327   ELF Image Totals (compressed)
     27940       1650        936         84          0          0   ROM Totals

==============================================================================

    Total RO  Size (Code + RO Data)                28876 (  28.20kB)
    Total RW  Size (RW Data + ZI Data)              7352 (   7.18kB)
    Total ROM Size (Code + RO Data + RW Data)      28960 (  28.28kB)

==============================================================================

